Archive member included to satisfy reference by file (symbol)

c:/program files/atollic/truestudio for stm32 9.1.0/armtools/bin/../lib/gcc/arm-atollic-eabi/6.3.1/../../../../arm-atollic-eabi/lib/armv7e-m/fpu\libc_nano.a(lib_a-init.o)
                              startup\startup_stm32f407xx.o (__libc_init_array)
c:/program files/atollic/truestudio for stm32 9.1.0/armtools/bin/../lib/gcc/arm-atollic-eabi/6.3.1/../../../../arm-atollic-eabi/lib/armv7e-m/fpu\libc_nano.a(lib_a-malloc.o)
                              Middlewares\ST\STM32_USB_Host_Library\Class\CDC\Src\usbh_cdc.o (malloc)
c:/program files/atollic/truestudio for stm32 9.1.0/armtools/bin/../lib/gcc/arm-atollic-eabi/6.3.1/../../../../arm-atollic-eabi/lib/armv7e-m/fpu\libc_nano.a(lib_a-nano-freer.o)
                              c:/program files/atollic/truestudio for stm32 9.1.0/armtools/bin/../lib/gcc/arm-atollic-eabi/6.3.1/../../../../arm-atollic-eabi/lib/armv7e-m/fpu\libc_nano.a(lib_a-malloc.o) (_free_r)
c:/program files/atollic/truestudio for stm32 9.1.0/armtools/bin/../lib/gcc/arm-atollic-eabi/6.3.1/../../../../arm-atollic-eabi/lib/armv7e-m/fpu\libc_nano.a(lib_a-nano-mallocr.o)
                              c:/program files/atollic/truestudio for stm32 9.1.0/armtools/bin/../lib/gcc/arm-atollic-eabi/6.3.1/../../../../arm-atollic-eabi/lib/armv7e-m/fpu\libc_nano.a(lib_a-malloc.o) (_malloc_r)
c:/program files/atollic/truestudio for stm32 9.1.0/armtools/bin/../lib/gcc/arm-atollic-eabi/6.3.1/../../../../arm-atollic-eabi/lib/armv7e-m/fpu\libc_nano.a(lib_a-sbrkr.o)
                              c:/program files/atollic/truestudio for stm32 9.1.0/armtools/bin/../lib/gcc/arm-atollic-eabi/6.3.1/../../../../arm-atollic-eabi/lib/armv7e-m/fpu\libc_nano.a(lib_a-nano-mallocr.o) (_sbrk_r)
c:/program files/atollic/truestudio for stm32 9.1.0/armtools/bin/../lib/gcc/arm-atollic-eabi/6.3.1/../../../../arm-atollic-eabi/lib/armv7e-m/fpu\libc_nano.a(lib_a-impure.o)
                              c:/program files/atollic/truestudio for stm32 9.1.0/armtools/bin/../lib/gcc/arm-atollic-eabi/6.3.1/../../../../arm-atollic-eabi/lib/armv7e-m/fpu\libc_nano.a(lib_a-malloc.o) (_impure_ptr)
c:/program files/atollic/truestudio for stm32 9.1.0/armtools/bin/../lib/gcc/arm-atollic-eabi/6.3.1/../../../../arm-atollic-eabi/lib/armv7e-m/fpu\libc_nano.a(lib_a-mlock.o)
                              c:/program files/atollic/truestudio for stm32 9.1.0/armtools/bin/../lib/gcc/arm-atollic-eabi/6.3.1/../../../../arm-atollic-eabi/lib/armv7e-m/fpu\libc_nano.a(lib_a-nano-freer.o) (__malloc_lock)
c:/program files/atollic/truestudio for stm32 9.1.0/armtools/bin/../lib/gcc/arm-atollic-eabi/6.3.1/../../../../arm-atollic-eabi/lib/armv7e-m/fpu\libc_nano.a(lib_a-reent.o)
                              c:/program files/atollic/truestudio for stm32 9.1.0/armtools/bin/../lib/gcc/arm-atollic-eabi/6.3.1/../../../../arm-atollic-eabi/lib/armv7e-m/fpu\libc_nano.a(lib_a-sbrkr.o) (errno)
c:/program files/atollic/truestudio for stm32 9.1.0/armtools/bin/../lib/gcc/arm-atollic-eabi/6.3.1/armv7e-m/fpu\libgcc.a(_aeabi_uldivmod.o)
                              Drivers\STM32F4xx_HAL_Driver\Src\stm32f4xx_hal_rcc.o (__aeabi_uldivmod)
c:/program files/atollic/truestudio for stm32 9.1.0/armtools/bin/../lib/gcc/arm-atollic-eabi/6.3.1/armv7e-m/fpu\libgcc.a(_udivmoddi4.o)
                              c:/program files/atollic/truestudio for stm32 9.1.0/armtools/bin/../lib/gcc/arm-atollic-eabi/6.3.1/armv7e-m/fpu\libgcc.a(_aeabi_uldivmod.o) (__udivmoddi4)
c:/program files/atollic/truestudio for stm32 9.1.0/armtools/bin/../lib/gcc/arm-atollic-eabi/6.3.1/armv7e-m/fpu\libgcc.a(_dvmd_tls.o)
                              c:/program files/atollic/truestudio for stm32 9.1.0/armtools/bin/../lib/gcc/arm-atollic-eabi/6.3.1/armv7e-m/fpu\libgcc.a(_aeabi_uldivmod.o) (__aeabi_ldiv0)
c:/program files/atollic/truestudio for stm32 9.1.0/armtools/bin/../lib/gcc/arm-atollic-eabi/6.3.1/../../../../arm-atollic-eabi/lib/armv7e-m/fpu\libnosys.a(sbrk.o)
                              c:/program files/atollic/truestudio for stm32 9.1.0/armtools/bin/../lib/gcc/arm-atollic-eabi/6.3.1/../../../../arm-atollic-eabi/lib/armv7e-m/fpu\libc_nano.a(lib_a-sbrkr.o) (_sbrk)

Allocating common symbols
Common symbol       size              file

errno               0x4               c:/program files/atollic/truestudio for stm32 9.1.0/armtools/bin/../lib/gcc/arm-atollic-eabi/6.3.1/../../../../arm-atollic-eabi/lib/armv7e-m/fpu\libc_nano.a(lib_a-reent.o)
hi2c1               0x54              Src\main.o
hUsbHostFS          0x3c8             Src\usb_host.o
uwTick              0x4               Drivers\STM32F4xx_HAL_Driver\Src\stm32f4xx_hal.o
pFlash              0x20              Drivers\STM32F4xx_HAL_Driver\Src\stm32f4xx_hal_flash.o
hspi1               0x58              Src\main.o
hhcd_USB_OTG_FS     0x298             Src\usbh_conf.o
hi2s3               0x48              Src\main.o

Discarded input sections

[...]
Memory Configuration

Name             Origin             Length             Attributes
RAM              0x20000000         0x00020000         xrw
CCMRAM           0x10000000         0x00010000         rw
FLASH            0x08000000         0x00100000         xr
*default*        0x00000000         0xffffffff

Linker script and memory map

LOAD c:/program files/atollic/truestudio for stm32 9.1.0/armtools/bin/../lib/gcc/arm-atollic-eabi/6.3.1/armv7e-m/fpu/crti.o
LOAD c:/program files/atollic/truestudio for stm32 9.1.0/armtools/bin/../lib/gcc/arm-atollic-eabi/6.3.1/armv7e-m/fpu/crtbegin.o
LOAD Drivers\STM32F4xx_HAL_Driver\Src\stm32f4xx_hal.o
LOAD Drivers\STM32F4xx_HAL_Driver\Src\stm32f4xx_hal_cortex.o
LOAD Drivers\STM32F4xx_HAL_Driver\Src\stm32f4xx_hal_dma.o
LOAD Drivers\STM32F4xx_HAL_Driver\Src\stm32f4xx_hal_dma_ex.o
LOAD Drivers\STM32F4xx_HAL_Driver\Src\stm32f4xx_hal_flash.o
LOAD Drivers\STM32F4xx_HAL_Driver\Src\stm32f4xx_hal_flash_ex.o
LOAD Drivers\STM32F4xx_HAL_Driver\Src\stm32f4xx_hal_flash_ramfunc.o
LOAD Drivers\STM32F4xx_HAL_Driver\Src\stm32f4xx_hal_gpio.o
LOAD Drivers\STM32F4xx_HAL_Driver\Src\stm32f4xx_hal_hcd.o
LOAD Drivers\STM32F4xx_HAL_Driver\Src\stm32f4xx_hal_i2c.o
LOAD Drivers\STM32F4xx_HAL_Driver\Src\stm32f4xx_hal_i2c_ex.o
LOAD Drivers\STM32F4xx_HAL_Driver\Src\stm32f4xx_hal_i2s.o
LOAD Drivers\STM32F4xx_HAL_Driver\Src\stm32f4xx_hal_i2s_ex.o
LOAD Drivers\STM32F4xx_HAL_Driver\Src\stm32f4xx_hal_pwr.o
LOAD Drivers\STM32F4xx_HAL_Driver\Src\stm32f4xx_hal_pwr_ex.o
LOAD Drivers\STM32F4xx_HAL_Driver\Src\stm32f4xx_hal_rcc.o
LOAD Drivers\STM32F4xx_HAL_Driver\Src\stm32f4xx_hal_rcc_ex.o
LOAD Drivers\STM32F4xx_HAL_Driver\Src\stm32f4xx_hal_spi.o
LOAD Drivers\STM32F4xx_HAL_Driver\Src\stm32f4xx_hal_tim.o
LOAD Drivers\STM32F4xx_HAL_Driver\Src\stm32f4xx_hal_tim_ex.o
LOAD Drivers\STM32F4xx_HAL_Driver\Src\stm32f4xx_ll_usb.o
LOAD Middlewares\ST\STM32_USB_Host_Library\Class\CDC\Src\usbh_cdc.o
LOAD Middlewares\ST\STM32_USB_Host_Library\Core\Src\usbh_core.o
LOAD Middlewares\ST\STM32_USB_Host_Library\Core\Src\usbh_ctlreq.o
LOAD Middlewares\ST\STM32_USB_Host_Library\Core\Src\usbh_ioreq.o
LOAD Middlewares\ST\STM32_USB_Host_Library\Core\Src\usbh_pipes.o
LOAD Src\main.o
LOAD Src\stm32f4xx_hal_msp.o
LOAD Src\stm32f4xx_it.o
LOAD Src\system_stm32f4xx.o
LOAD Src\usb_host.o
LOAD Src\usbh_conf.o
LOAD Src\usbh_platform.o
LOAD startup\startup_stm32f407xx.o
                0x00000080                malloc_getpagesize_P = 0x80
START GROUP
LOAD c:/program files/atollic/truestudio for stm32 9.1.0/armtools/bin/../lib/gcc/arm-atollic-eabi/6.3.1/../../../../arm-atollic-eabi/lib/armv7e-m/fpu\libc_nano.a
LOAD c:/program files/atollic/truestudio for stm32 9.1.0/armtools/bin/../lib/gcc/arm-atollic-eabi/6.3.1/../../../../arm-atollic-eabi/lib/armv7e-m/fpu\libm.a
END GROUP
START GROUP
LOAD c:/program files/atollic/truestudio for stm32 9.1.0/armtools/bin/../lib/gcc/arm-atollic-eabi/6.3.1/armv7e-m/fpu\libgcc.a
LOAD c:/program files/atollic/truestudio for stm32 9.1.0/armtools/bin/../lib/gcc/arm-atollic-eabi/6.3.1/../../../../arm-atollic-eabi/lib/armv7e-m/fpu\libc_nano.a
END GROUP
START GROUP
LOAD c:/program files/atollic/truestudio for stm32 9.1.0/armtools/bin/../lib/gcc/arm-atollic-eabi/6.3.1/armv7e-m/fpu\libgcc.a
LOAD c:/program files/atollic/truestudio for stm32 9.1.0/armtools/bin/../lib/gcc/arm-atollic-eabi/6.3.1/../../../../arm-atollic-eabi/lib/armv7e-m/fpu\libc_nano.a
LOAD c:/program files/atollic/truestudio for stm32 9.1.0/armtools/bin/../lib/gcc/arm-atollic-eabi/6.3.1/../../../../arm-atollic-eabi/lib/armv7e-m/fpu\libnosys.a
END GROUP
START GROUP
LOAD c:/program files/atollic/truestudio for stm32 9.1.0/armtools/bin/../lib/gcc/arm-atollic-eabi/6.3.1/armv7e-m/fpu\libgcc.a
LOAD c:/program files/atollic/truestudio for stm32 9.1.0/armtools/bin/../lib/gcc/arm-atollic-eabi/6.3.1/../../../../arm-atollic-eabi/lib/armv7e-m/fpu\libc_nano.a
LOAD c:/program files/atollic/truestudio for stm32 9.1.0/armtools/bin/../lib/gcc/arm-atollic-eabi/6.3.1/../../../../arm-atollic-eabi/lib/armv7e-m/fpu\libnosys.a
END GROUP
LOAD c:/program files/atollic/truestudio for stm32 9.1.0/armtools/bin/../lib/gcc/arm-atollic-eabi/6.3.1/armv7e-m/fpu/crtend.o
LOAD c:/program files/atollic/truestudio for stm32 9.1.0/armtools/bin/../lib/gcc/arm-atollic-eabi/6.3.1/armv7e-m/fpu/crtn.o
                0x20020000                _estack = 0x20020000
                0x00000200                _Min_Heap_Size = 0x200
                0x00000400                _Min_Stack_Size = 0x400

.isr_vector     0x08000000      0x188
                0x08000000                . = ALIGN (0x4)
 *(.isr_vector)
 .isr_vector    0x08000000      0x188 startup\startup_stm32f407xx.o
                0x08000000                g_pfnVectors
                0x08000188                . = ALIGN (0x4)

.text           0x08000188     0x3c34
                0x08000188                . = ALIGN (0x4)
 *(.text)
 .text          0x08000188       0x40 c:/program files/atollic/truestudio for stm32 9.1.0/armtools/bin/../lib/gcc/arm-atollic-eabi/6.3.1/armv7e-m/fpu/crtbegin.o
 .text          0x080001c8       0x30 c:/program files/atollic/truestudio for stm32 9.1.0/armtools/bin/../lib/gcc/arm-atollic-eabi/6.3.1/armv7e-m/fpu\libgcc.a(_aeabi_uldivmod.o)
                0x080001c8                __aeabi_uldivmod
 .text          0x080001f8      0x2dc c:/program files/atollic/truestudio for stm32 9.1.0/armtools/bin/../lib/gcc/arm-atollic-eabi/6.3.1/armv7e-m/fpu\libgcc.a(_udivmoddi4.o)
                0x080001f8                __udivmoddi4
 .text          0x080004d4        0x4 c:/program files/atollic/truestudio for stm32 9.1.0/armtools/bin/../lib/gcc/arm-atollic-eabi/6.3.1/armv7e-m/fpu\libgcc.a(_dvmd_tls.o)
                0x080004d4                __aeabi_idiv0
                0x080004d4                __aeabi_ldiv0
 *(.text*)
 .text.HAL_InitTick
                0x080004d8       0x48 Drivers\STM32F4xx_HAL_Driver\Src\stm32f4xx_hal.o
                0x080004d8                HAL_InitTick
 .text.HAL_Init
                0x08000520       0x34 Drivers\STM32F4xx_HAL_Driver\Src\stm32f4xx_hal.o
                0x08000520                HAL_Init
 .text.HAL_IncTick
                0x08000554       0x18 Drivers\STM32F4xx_HAL_Driver\Src\stm32f4xx_hal.o
                0x08000554                HAL_IncTick
 .text.HAL_GetTick
                0x0800056c        0xc Drivers\STM32F4xx_HAL_Driver\Src\stm32f4xx_hal.o
                0x0800056c                HAL_GetTick
 .text.HAL_Delay
                0x08000578       0x28 Drivers\STM32F4xx_HAL_Driver\Src\stm32f4xx_hal.o
                0x08000578                HAL_Delay
 .text.HAL_NVIC_SetPriorityGrouping
                0x080005a0       0x24 Drivers\STM32F4xx_HAL_Driver\Src\stm32f4xx_hal_cortex.o
                0x080005a0                HAL_NVIC_SetPriorityGrouping
 .text.HAL_NVIC_SetPriority
                0x080005c4       0x68 Drivers\STM32F4xx_HAL_Driver\Src\stm32f4xx_hal_cortex.o
                0x080005c4                HAL_NVIC_SetPriority
 .text.HAL_NVIC_EnableIRQ
                0x0800062c       0x18 Drivers\STM32F4xx_HAL_Driver\Src\stm32f4xx_hal_cortex.o
                0x0800062c                HAL_NVIC_EnableIRQ
 .text.HAL_SYSTICK_Config
                0x08000644       0x2c Drivers\STM32F4xx_HAL_Driver\Src\stm32f4xx_hal_cortex.o
                0x08000644                HAL_SYSTICK_Config
 .text.HAL_SYSTICK_CLKSourceConfig
                0x08000670       0x18 Drivers\STM32F4xx_HAL_Driver\Src\stm32f4xx_hal_cortex.o
                0x08000670                HAL_SYSTICK_CLKSourceConfig
 .text.HAL_SYSTICK_Callback
                0x08000688        0x2 Drivers\STM32F4xx_HAL_Driver\Src\stm32f4xx_hal_cortex.o
                0x08000688                HAL_SYSTICK_Callback
 .text.HAL_SYSTICK_IRQHandler
                0x0800068a        0x8 Drivers\STM32F4xx_HAL_Driver\Src\stm32f4xx_hal_cortex.o
                0x0800068a                HAL_SYSTICK_IRQHandler
 *fill*         0x08000692        0x2 
 .text.HAL_GPIO_Init
                0x08000694      0x1c0 Drivers\STM32F4xx_HAL_Driver\Src\stm32f4xx_hal_gpio.o
                0x08000694                HAL_GPIO_Init
 .text.HAL_GPIO_ReadPin
                0x08000854        0xc Drivers\STM32F4xx_HAL_Driver\Src\stm32f4xx_hal_gpio.o
                0x08000854                HAL_GPIO_ReadPin
 .text.HAL_GPIO_WritePin
                0x08000860        0xa Drivers\STM32F4xx_HAL_Driver\Src\stm32f4xx_hal_gpio.o
                0x08000860                HAL_GPIO_WritePin
 .text.HAL_GPIO_TogglePin
                0x0800086a        0x8 Drivers\STM32F4xx_HAL_Driver\Src\stm32f4xx_hal_gpio.o
                0x0800086a                HAL_GPIO_TogglePin
 .text.HAL_HCD_HC_Init
                0x08000872       0x62 Drivers\STM32F4xx_HAL_Driver\Src\stm32f4xx_hal_hcd.o
                0x08000872                HAL_HCD_HC_Init
 .text.HAL_HCD_HC_Halt
                0x080008d4       0x24 Drivers\STM32F4xx_HAL_Driver\Src\stm32f4xx_hal_hcd.o
                0x080008d4                HAL_HCD_HC_Halt
 .text.HAL_HCD_Init
                0x080008f8       0x78 Drivers\STM32F4xx_HAL_Driver\Src\stm32f4xx_hal_hcd.o
                0x080008f8                HAL_HCD_Init
 .text.HAL_HCD_HC_SubmitRequest
                0x08000970      0x100 Drivers\STM32F4xx_HAL_Driver\Src\stm32f4xx_hal_hcd.o
                0x08000970                HAL_HCD_HC_SubmitRequest
 .text.HAL_HCD_IRQHandler
                0x08000a70      0x61c Drivers\STM32F4xx_HAL_Driver\Src\stm32f4xx_hal_hcd.o
                0x08000a70                HAL_HCD_IRQHandler
 .text.HAL_HCD_Start
                0x0800108c       0x2c Drivers\STM32F4xx_HAL_Driver\Src\stm32f4xx_hal_hcd.o
                0x0800108c                HAL_HCD_Start
 .text.HAL_HCD_Stop
                0x080010b8       0x24 Drivers\STM32F4xx_HAL_Driver\Src\stm32f4xx_hal_hcd.o
                0x080010b8                HAL_HCD_Stop
 .text.HAL_HCD_ResetPort
                0x080010dc        0x6 Drivers\STM32F4xx_HAL_Driver\Src\stm32f4xx_hal_hcd.o
                0x080010dc                HAL_HCD_ResetPort
 .text.HAL_HCD_HC_GetURBState
                0x080010e2        0xc Drivers\STM32F4xx_HAL_Driver\Src\stm32f4xx_hal_hcd.o
                0x080010e2                HAL_HCD_HC_GetURBState
 .text.HAL_HCD_HC_GetXferCount
                0x080010ee        0xa Drivers\STM32F4xx_HAL_Driver\Src\stm32f4xx_hal_hcd.o
                0x080010ee                HAL_HCD_HC_GetXferCount
 .text.HAL_HCD_GetCurrentFrame
                0x080010f8        0x6 Drivers\STM32F4xx_HAL_Driver\Src\stm32f4xx_hal_hcd.o
                0x080010f8                HAL_HCD_GetCurrentFrame
 .text.HAL_HCD_GetCurrentSpeed
                0x080010fe        0x6 Drivers\STM32F4xx_HAL_Driver\Src\stm32f4xx_hal_hcd.o
                0x080010fe                HAL_HCD_GetCurrentSpeed
 .text.HAL_I2C_Init
                0x08001104       0xdc Drivers\STM32F4xx_HAL_Driver\Src\stm32f4xx_hal_i2c.o
                0x08001104                HAL_I2C_Init
 .text.HAL_I2S_TxCpltCallback
                0x080011e0        0x2 Drivers\STM32F4xx_HAL_Driver\Src\stm32f4xx_hal_i2s.o
                0x080011e0                HAL_I2S_TxCpltCallback
 .text.HAL_I2S_RxCpltCallback
                0x080011e2        0x2 Drivers\STM32F4xx_HAL_Driver\Src\stm32f4xx_hal_i2s.o
                0x080011e2                HAL_I2S_RxCpltCallback
 .text.HAL_I2S_ErrorCallback
                0x080011e4        0x2 Drivers\STM32F4xx_HAL_Driver\Src\stm32f4xx_hal_i2s.o
                0x080011e4                HAL_I2S_ErrorCallback
 *fill*         0x080011e6        0x2 
 .text.HAL_I2S_Init
                0x080011e8      0x120 Drivers\STM32F4xx_HAL_Driver\Src\stm32f4xx_hal_i2s.o
                0x080011e8                HAL_I2S_Init
 .text.I2S_IRQHandler
                0x08001308      0x10a Drivers\STM32F4xx_HAL_Driver\Src\stm32f4xx_hal_i2s.o
 .text.HAL_I2SEx_TxRxCpltCallback
                0x08001412        0x2 Drivers\STM32F4xx_HAL_Driver\Src\stm32f4xx_hal_i2s_ex.o
                0x08001412                HAL_I2SEx_TxRxCpltCallback
 .text.HAL_I2SEx_FullDuplex_IRQHandler
                0x08001414      0x258 Drivers\STM32F4xx_HAL_Driver\Src\stm32f4xx_hal_i2s_ex.o
                0x08001414                HAL_I2SEx_FullDuplex_IRQHandler
 .text.HAL_RCC_OscConfig
                0x0800166c      0x304 Drivers\STM32F4xx_HAL_Driver\Src\stm32f4xx_hal_rcc.o
                0x0800166c                HAL_RCC_OscConfig
 .text.HAL_RCC_GetSysClockFreq
                0x08001970       0x5c Drivers\STM32F4xx_HAL_Driver\Src\stm32f4xx_hal_rcc.o
                0x08001970                HAL_RCC_GetSysClockFreq
 .text.HAL_RCC_ClockConfig
                0x080019cc      0x134 Drivers\STM32F4xx_HAL_Driver\Src\stm32f4xx_hal_rcc.o
                0x080019cc                HAL_RCC_ClockConfig
 .text.HAL_RCC_GetHCLKFreq
                0x08001b00        0xc Drivers\STM32F4xx_HAL_Driver\Src\stm32f4xx_hal_rcc.o
                0x08001b00                HAL_RCC_GetHCLKFreq
 .text.HAL_RCC_GetPCLK1Freq
                0x08001b0c       0x20 Drivers\STM32F4xx_HAL_Driver\Src\stm32f4xx_hal_rcc.o
                0x08001b0c                HAL_RCC_GetPCLK1Freq
 .text.HAL_RCCEx_PeriphCLKConfig
                0x08001b2c      0x130 Drivers\STM32F4xx_HAL_Driver\Src\stm32f4xx_hal_rcc_ex.o
                0x08001b2c                HAL_RCCEx_PeriphCLKConfig
 .text.HAL_RCCEx_GetPeriphCLKFreq
                0x08001c5c       0x5c Drivers\STM32F4xx_HAL_Driver\Src\stm32f4xx_hal_rcc_ex.o
                0x08001c5c                HAL_RCCEx_GetPeriphCLKFreq
 .text.HAL_SPI_Init
                0x08001cb8       0x7a Drivers\STM32F4xx_HAL_Driver\Src\stm32f4xx_hal_spi.o
                0x08001cb8                HAL_SPI_Init
 .text.USB_CoreInit
                0x08001d32       0x74 Drivers\STM32F4xx_HAL_Driver\Src\stm32f4xx_ll_usb.o
                0x08001d32                USB_CoreInit
 .text.USB_EnableGlobalInt
                0x08001da6        0xc Drivers\STM32F4xx_HAL_Driver\Src\stm32f4xx_ll_usb.o
                0x08001da6                USB_EnableGlobalInt
 .text.USB_DisableGlobalInt
                0x08001db2        0xc Drivers\STM32F4xx_HAL_Driver\Src\stm32f4xx_ll_usb.o
                0x08001db2                USB_DisableGlobalInt
 .text.USB_SetCurrentMode
                0x08001dbe       0x2e Drivers\STM32F4xx_HAL_Driver\Src\stm32f4xx_ll_usb.o
                0x08001dbe                USB_SetCurrentMode
 .text.USB_FlushTxFifo
                0x08001dec       0x24 Drivers\STM32F4xx_HAL_Driver\Src\stm32f4xx_ll_usb.o
                0x08001dec                USB_FlushTxFifo
 .text.USB_FlushRxFifo
                0x08001e10       0x20 Drivers\STM32F4xx_HAL_Driver\Src\stm32f4xx_ll_usb.o
                0x08001e10                USB_FlushRxFifo
 .text.USB_WritePacket
                0x08001e30       0x28 Drivers\STM32F4xx_HAL_Driver\Src\stm32f4xx_ll_usb.o
                0x08001e30                USB_WritePacket
 .text.USB_ReadPacket
                0x08001e58       0x1c Drivers\STM32F4xx_HAL_Driver\Src\stm32f4xx_ll_usb.o
                0x08001e58                USB_ReadPacket
 .text.USB_ReadInterrupts
                0x08001e74        0x8 Drivers\STM32F4xx_HAL_Driver\Src\stm32f4xx_ll_usb.o
                0x08001e74                USB_ReadInterrupts
 .text.USB_GetMode
                0x08001e7c        0x8 Drivers\STM32F4xx_HAL_Driver\Src\stm32f4xx_ll_usb.o
                0x08001e7c                USB_GetMode
 .text.USB_CoreReset
                0x08001e84       0x30 Drivers\STM32F4xx_HAL_Driver\Src\stm32f4xx_ll_usb.o
 .text.USB_HostInit
                0x08001eb4       0xe4 Drivers\STM32F4xx_HAL_Driver\Src\stm32f4xx_ll_usb.o
                0x08001eb4                USB_HostInit
 .text.USB_InitFSLSPClkSel
                0x08001f98       0x3a Drivers\STM32F4xx_HAL_Driver\Src\stm32f4xx_ll_usb.o
                0x08001f98                USB_InitFSLSPClkSel
 .text.USB_ResetPort
                0x08001fd2       0x32 Drivers\STM32F4xx_HAL_Driver\Src\stm32f4xx_ll_usb.o
                0x08001fd2                USB_ResetPort
 .text.USB_DriveVbus
                0x08002004       0x3c Drivers\STM32F4xx_HAL_Driver\Src\stm32f4xx_ll_usb.o
                0x08002004                USB_DriveVbus
 .text.USB_GetHostSpeed
                0x08002040       0x12 Drivers\STM32F4xx_HAL_Driver\Src\stm32f4xx_ll_usb.o
                0x08002040                USB_GetHostSpeed
 .text.USB_GetCurrentFrame
                0x08002052        0xa Drivers\STM32F4xx_HAL_Driver\Src\stm32f4xx_ll_usb.o
                0x08002052                USB_GetCurrentFrame
 .text.USB_HC_Init
                0x0800205c       0xd8 Drivers\STM32F4xx_HAL_Driver\Src\stm32f4xx_ll_usb.o
                0x0800205c                USB_HC_Init
 .text.USB_HC_StartXfer
                0x08002134      0x27c Drivers\STM32F4xx_HAL_Driver\Src\stm32f4xx_ll_usb.o
                0x08002134                USB_HC_StartXfer
 .text.USB_HC_ReadInterrupt
                0x080023b0       0x1e Drivers\STM32F4xx_HAL_Driver\Src\stm32f4xx_ll_usb.o
                0x080023b0                USB_HC_ReadInterrupt
 .text.USB_HC_Halt
                0x080023ce      0x1d2 Drivers\STM32F4xx_HAL_Driver\Src\stm32f4xx_ll_usb.o
                0x080023ce                USB_HC_Halt
 .text.USB_DoPing
                0x080025a0       0x78 Drivers\STM32F4xx_HAL_Driver\Src\stm32f4xx_ll_usb.o
                0x080025a0                USB_DoPing
 .text.USB_StopHost
                0x08002618      0x108 Drivers\STM32F4xx_HAL_Driver\Src\stm32f4xx_ll_usb.o
                0x08002618                USB_StopHost
 .text.USBH_CDC_SOFProcess
                0x08002720        0x4 Middlewares\ST\STM32_USB_Host_Library\Class\CDC\Src\usbh_cdc.o
 .text.USBH_CDC_InterfaceDeInit
                0x08002724       0x62 Middlewares\ST\STM32_USB_Host_Library\Class\CDC\Src\usbh_cdc.o
 .text.USBH_CDC_InterfaceInit
                0x08002786      0x12a Middlewares\ST\STM32_USB_Host_Library\Class\CDC\Src\usbh_cdc.o
 .text.USBH_CDC_ClassRequest
                0x080028b0       0x34 Middlewares\ST\STM32_USB_Host_Library\Class\CDC\Src\usbh_cdc.o
 .text.USBH_CDC_TransmitCallback
                0x080028e4        0x2 Middlewares\ST\STM32_USB_Host_Library\Class\CDC\Src\usbh_cdc.o
                0x080028e4                USBH_CDC_TransmitCallback
 .text.USBH_CDC_ReceiveCallback
                0x080028e6        0x2 Middlewares\ST\STM32_USB_Host_Library\Class\CDC\Src\usbh_cdc.o
                0x080028e6                USBH_CDC_ReceiveCallback
 .text.USBH_CDC_LineCodingChanged
                0x080028e8        0x2 Middlewares\ST\STM32_USB_Host_Library\Class\CDC\Src\usbh_cdc.o
                0x080028e8                USBH_CDC_LineCodingChanged
 .text.USBH_CDC_Process
                0x080028ea      0x176 Middlewares\ST\STM32_USB_Host_Library\Class\CDC\Src\usbh_cdc.o
 .text.DeInitStateMachine
                0x08002a60       0x44 Middlewares\ST\STM32_USB_Host_Library\Core\Src\usbh_core.o
 .text.USBH_Init
                0x08002aa4       0x2e Middlewares\ST\STM32_USB_Host_Library\Core\Src\usbh_core.o
                0x08002aa4                USBH_Init
 .text.USBH_RegisterClass
                0x08002ad2       0x1a Middlewares\ST\STM32_USB_Host_Library\Core\Src\usbh_core.o
                0x08002ad2                USBH_RegisterClass
 .text.USBH_SelectInterface
                0x08002aec       0x12 Middlewares\ST\STM32_USB_Host_Library\Core\Src\usbh_core.o
                0x08002aec                USBH_SelectInterface
 .text.USBH_FindInterface
                0x08002afe       0x3a Middlewares\ST\STM32_USB_Host_Library\Core\Src\usbh_core.o
                0x08002afe                USBH_FindInterface
 .text.USBH_Start
                0x08002b38       0x14 Middlewares\ST\STM32_USB_Host_Library\Core\Src\usbh_core.o
                0x08002b38                USBH_Start
 .text.USBH_Process
                0x08002b4c      0x234 Middlewares\ST\STM32_USB_Host_Library\Core\Src\usbh_core.o
                0x08002b4c                USBH_Process
 .text.USBH_LL_SetTimer
                0x08002d80        0x6 Middlewares\ST\STM32_USB_Host_Library\Core\Src\usbh_core.o
                0x08002d80                USBH_LL_SetTimer
 .text.USBH_LL_IncTimer
                0x08002d86       0x1c Middlewares\ST\STM32_USB_Host_Library\Core\Src\usbh_core.o
                0x08002d86                USBH_LL_IncTimer
 .text.USBH_LL_Connect
                0x08002da2       0x26 Middlewares\ST\STM32_USB_Host_Library\Core\Src\usbh_core.o
                0x08002da2                USBH_LL_Connect
 .text.USBH_LL_Disconnect
                0x08002dc8       0x38 Middlewares\ST\STM32_USB_Host_Library\Core\Src\usbh_core.o
                0x08002dc8                USBH_LL_Disconnect
 .text.USBH_CtlReq
                0x08002e00      0x17a Middlewares\ST\STM32_USB_Host_Library\Core\Src\usbh_ctlreq.o
                0x08002e00                USBH_CtlReq
 .text.USBH_GetDescriptor
                0x08002f7a       0x38 Middlewares\ST\STM32_USB_Host_Library\Core\Src\usbh_ctlreq.o
                0x08002f7a                USBH_GetDescriptor
 .text.USBH_Get_DevDesc
                0x08002fb2       0xb2 Middlewares\ST\STM32_USB_Host_Library\Core\Src\usbh_ctlreq.o
                0x08002fb2                USBH_Get_DevDesc
 .text.USBH_Get_CfgDesc
                0x08003064      0x12e Middlewares\ST\STM32_USB_Host_Library\Core\Src\usbh_ctlreq.o
                0x08003064                USBH_Get_CfgDesc
 .text.USBH_Get_StringDesc
                0x08003192       0x4e Middlewares\ST\STM32_USB_Host_Library\Core\Src\usbh_ctlreq.o
                0x08003192                USBH_Get_StringDesc
 .text.USBH_SetAddress
                0x080031e0       0x1c Middlewares\ST\STM32_USB_Host_Library\Core\Src\usbh_ctlreq.o
                0x080031e0                USBH_SetAddress
 .text.USBH_SetCfg
                0x080031fc       0x1c Middlewares\ST\STM32_USB_Host_Library\Core\Src\usbh_ctlreq.o
                0x080031fc                USBH_SetCfg
 .text.USBH_ClrFeature
                0x08003218       0x1c Middlewares\ST\STM32_USB_Host_Library\Core\Src\usbh_ctlreq.o
                0x08003218                USBH_ClrFeature
 .text.USBH_CtlSendSetup
                0x08003234       0x22 Middlewares\ST\STM32_USB_Host_Library\Core\Src\usbh_ioreq.o
                0x08003234                USBH_CtlSendSetup
 .text.USBH_CtlSendData
                0x08003256       0x2e Middlewares\ST\STM32_USB_Host_Library\Core\Src\usbh_ioreq.o
                0x08003256                USBH_CtlSendData
 .text.USBH_CtlReceiveData
                0x08003284       0x20 Middlewares\ST\STM32_USB_Host_Library\Core\Src\usbh_ioreq.o
                0x08003284                USBH_CtlReceiveData
 .text.USBH_BulkSendData
                0x080032a4       0x2e Middlewares\ST\STM32_USB_Host_Library\Core\Src\usbh_ioreq.o
                0x080032a4                USBH_BulkSendData
 .text.USBH_BulkReceiveData
                0x080032d2       0x20 Middlewares\ST\STM32_USB_Host_Library\Core\Src\usbh_ioreq.o
                0x080032d2                USBH_BulkReceiveData
 .text.USBH_OpenPipe
                0x080032f2       0x1e Middlewares\ST\STM32_USB_Host_Library\Core\Src\usbh_pipes.o
                0x080032f2                USBH_OpenPipe
 .text.USBH_ClosePipe
                0x08003310        0xa Middlewares\ST\STM32_USB_Host_Library\Core\Src\usbh_pipes.o
                0x08003310                USBH_ClosePipe
 .text.USBH_AllocPipe
                0x0800331a       0x30 Middlewares\ST\STM32_USB_Host_Library\Core\Src\usbh_pipes.o
                0x0800331a                USBH_AllocPipe
 .text.USBH_FreePipe
                0x0800334a       0x18 Middlewares\ST\STM32_USB_Host_Library\Core\Src\usbh_pipes.o
                0x0800334a                USBH_FreePipe
 *fill*         0x08003362        0x2 
 .text.SystemClock_Config
                0x08003364       0xc4 Src\main.o
                0x08003364                SystemClock_Config
 .text.startup.main
                0x08003428      0x284 Src\main.o
                0x08003428                main
 .text._Error_Handler
                0x080036ac        0x2 Src\main.o
                0x080036ac                _Error_Handler
 *fill*         0x080036ae        0x2 
 .text.HAL_MspInit
                0x080036b0       0x90 Src\stm32f4xx_hal_msp.o
                0x080036b0                HAL_MspInit
 .text.HAL_I2C_MspInit
                0x08003740       0x54 Src\stm32f4xx_hal_msp.o
                0x08003740                HAL_I2C_MspInit
 .text.HAL_I2S_MspInit
                0x08003794       0x64 Src\stm32f4xx_hal_msp.o
                0x08003794                HAL_I2S_MspInit
 .text.HAL_SPI_MspInit
                0x080037f8       0x4c Src\stm32f4xx_hal_msp.o
                0x080037f8                HAL_SPI_MspInit
 .text.NMI_Handler
                0x08003844        0x2 Src\stm32f4xx_it.o
                0x08003844                NMI_Handler
 .text.HardFault_Handler
                0x08003846        0x2 Src\stm32f4xx_it.o
                0x08003846                HardFault_Handler
 .text.MemManage_Handler
                0x08003848        0x2 Src\stm32f4xx_it.o
                0x08003848                MemManage_Handler
 .text.BusFault_Handler
                0x0800384a        0x2 Src\stm32f4xx_it.o
                0x0800384a                BusFault_Handler
 .text.UsageFault_Handler
                0x0800384c        0x2 Src\stm32f4xx_it.o
                0x0800384c                UsageFault_Handler
 .text.SVC_Handler
                0x0800384e        0x2 Src\stm32f4xx_it.o
                0x0800384e                SVC_Handler
 .text.DebugMon_Handler
                0x08003850        0x2 Src\stm32f4xx_it.o
                0x08003850                DebugMon_Handler
 .text.PendSV_Handler
                0x08003852        0x2 Src\stm32f4xx_it.o
                0x08003852                PendSV_Handler
 .text.SysTick_Handler
                0x08003854        0xe Src\stm32f4xx_it.o
                0x08003854                SysTick_Handler
 *fill*         0x08003862        0x2 
 .text.OTG_FS_IRQHandler
                0x08003864        0xc Src\stm32f4xx_it.o
                0x08003864                OTG_FS_IRQHandler
 .text.SystemInit
                0x08003870       0x4c Src\system_stm32f4xx.o
                0x08003870                SystemInit
 .text.USBH_UserProcess
                0x080038bc       0x24 Src\usb_host.o
 .text.MX_USB_HOST_Init
                0x080038e0       0x2c Src\usb_host.o
                0x080038e0                MX_USB_HOST_Init
 .text.MX_USB_HOST_Process
                0x0800390c        0xc Src\usb_host.o
                0x0800390c                MX_USB_HOST_Process
 .text.HAL_HCD_MspInit
                0x08003918       0x74 Src\usbh_conf.o
                0x08003918                HAL_HCD_MspInit
 .text.HAL_HCD_SOF_Callback
                0x0800398c        0x8 Src\usbh_conf.o
                0x0800398c                HAL_HCD_SOF_Callback
 .text.HAL_HCD_Connect_Callback
                0x08003994        0x8 Src\usbh_conf.o
                0x08003994                HAL_HCD_Connect_Callback
 .text.HAL_HCD_Disconnect_Callback
                0x0800399c        0x8 Src\usbh_conf.o
                0x0800399c                HAL_HCD_Disconnect_Callback
 .text.HAL_HCD_HC_NotifyURBChange_Callback
                0x080039a4        0x2 Src\usbh_conf.o
                0x080039a4                HAL_HCD_HC_NotifyURBChange_Callback
 *fill*         0x080039a6        0x2 
 .text.USBH_LL_Init
                0x080039a8       0x58 Src\usbh_conf.o
                0x080039a8                USBH_LL_Init
 .text.USBH_LL_Start
                0x08003a00       0x1c Src\usbh_conf.o
                0x08003a00                USBH_LL_Start
 .text.USBH_LL_Stop
                0x08003a1c       0x1c Src\usbh_conf.o
                0x08003a1c                USBH_LL_Stop
 .text.USBH_LL_GetSpeed
                0x08003a38       0x1c Src\usbh_conf.o
                0x08003a38                USBH_LL_GetSpeed
 .text.USBH_LL_ResetPort
                0x08003a54       0x1c Src\usbh_conf.o
                0x08003a54                USBH_LL_ResetPort
 .text.USBH_LL_GetLastXferSize
                0x08003a70        0x8 Src\usbh_conf.o
                0x08003a70                USBH_LL_GetLastXferSize
 .text.USBH_LL_OpenPipe
                0x08003a78       0x30 Src\usbh_conf.o
                0x08003a78                USBH_LL_OpenPipe
 .text.USBH_LL_ClosePipe
                0x08003aa8       0x1c Src\usbh_conf.o
                0x08003aa8                USBH_LL_ClosePipe
 .text.USBH_LL_SubmitURB
                0x08003ac4       0x34 Src\usbh_conf.o
                0x08003ac4                USBH_LL_SubmitURB
 .text.USBH_LL_GetURBState
                0x08003af8        0x8 Src\usbh_conf.o
                0x08003af8                USBH_LL_GetURBState
 .text.USBH_LL_DriverVBUS
                0x08003b00       0x1a Src\usbh_conf.o
                0x08003b00                USBH_LL_DriverVBUS
 .text.USBH_LL_SetToggle
                0x08003b1a       0x1e Src\usbh_conf.o
                0x08003b1a                USBH_LL_SetToggle
 .text.USBH_Delay
                0x08003b38        0x4 Src\usbh_conf.o
                0x08003b38                USBH_Delay
 .text.MX_DriverVbusFS
                0x08003b3c       0x14 Src\usbh_platform.o
                0x08003b3c                MX_DriverVbusFS
 .text.Reset_Handler
                0x08003b50       0x50 startup\startup_stm32f407xx.o
                0x08003b50                Reset_Handler
 .text.Default_Handler
                0x08003ba0        0x2 startup\startup_stm32f407xx.o
                0x08003ba0                RTC_Alarm_IRQHandler
                0x08003ba0                HASH_RNG_IRQHandler
                0x08003ba0                EXTI2_IRQHandler
                0x08003ba0                TIM8_CC_IRQHandler
                0x08003ba0                TIM1_CC_IRQHandler
                0x08003ba0                DMA2_Stream5_IRQHandler
                0x08003ba0                DMA1_Stream5_IRQHandler
                0x08003ba0                PVD_IRQHandler
                0x08003ba0                SDIO_IRQHandler
                0x08003ba0                TAMP_STAMP_IRQHandler
                0x08003ba0                CAN2_RX1_IRQHandler
                0x08003ba0                EXTI3_IRQHandler
                0x08003ba0                TIM8_TRG_COM_TIM14_IRQHandler
                0x08003ba0                TIM1_UP_TIM10_IRQHandler
                0x08003ba0                TIM8_UP_TIM13_IRQHandler
                0x08003ba0                I2C3_ER_IRQHandler
                0x08003ba0                EXTI0_IRQHandler
                0x08003ba0                I2C2_EV_IRQHandler
                0x08003ba0                DMA1_Stream2_IRQHandler
                0x08003ba0                CAN1_RX0_IRQHandler
                0x08003ba0                FPU_IRQHandler
                0x08003ba0                OTG_HS_WKUP_IRQHandler
                0x08003ba0                CAN2_SCE_IRQHandler
                0x08003ba0                DMA2_Stream2_IRQHandler
                0x08003ba0                SPI1_IRQHandler
                0x08003ba0                TIM6_DAC_IRQHandler
                0x08003ba0                TIM1_BRK_TIM9_IRQHandler
                0x08003ba0                DCMI_IRQHandler
                0x08003ba0                CAN2_RX0_IRQHandler
                0x08003ba0                DMA2_Stream3_IRQHandler
                0x08003ba0                USART6_IRQHandler
                0x08003ba0                USART3_IRQHandler
                0x08003ba0                CAN1_RX1_IRQHandler
                0x08003ba0                UART5_IRQHandler
                0x08003ba0                DMA2_Stream0_IRQHandler
                0x08003ba0                TIM4_IRQHandler
                0x08003ba0                I2C1_EV_IRQHandler
                0x08003ba0                DMA1_Stream6_IRQHandler
                0x08003ba0                DMA1_Stream1_IRQHandler
                0x08003ba0                UART4_IRQHandler
                0x08003ba0                TIM3_IRQHandler
                0x08003ba0                RCC_IRQHandler
                0x08003ba0                TIM8_BRK_TIM12_IRQHandler
                0x08003ba0                Default_Handler
                0x08003ba0                EXTI15_10_IRQHandler
                0x08003ba0                ADC_IRQHandler
                0x08003ba0                DMA1_Stream7_IRQHandler
                0x08003ba0                TIM7_IRQHandler
                0x08003ba0                CAN2_TX_IRQHandler
                0x08003ba0                TIM5_IRQHandler
                0x08003ba0                DMA2_Stream7_IRQHandler
                0x08003ba0                I2C3_EV_IRQHandler
                0x08003ba0                EXTI9_5_IRQHandler
                0x08003ba0                RTC_WKUP_IRQHandler
                0x08003ba0                ETH_WKUP_IRQHandler
                0x08003ba0                SPI2_IRQHandler
                0x08003ba0                OTG_HS_EP1_IN_IRQHandler
                0x08003ba0                DMA1_Stream0_IRQHandler
                0x08003ba0                CAN1_TX_IRQHandler
                0x08003ba0                EXTI4_IRQHandler
                0x08003ba0                FSMC_IRQHandler
                0x08003ba0                ETH_IRQHandler
                0x08003ba0                OTG_HS_EP1_OUT_IRQHandler
                0x08003ba0                WWDG_IRQHandler
                0x08003ba0                TIM2_IRQHandler
                0x08003ba0                OTG_FS_WKUP_IRQHandler
                0x08003ba0                TIM1_TRG_COM_TIM11_IRQHandler
                0x08003ba0                OTG_HS_IRQHandler
                0x08003ba0                EXTI1_IRQHandler
                0x08003ba0                USART2_IRQHandler
                0x08003ba0                I2C2_ER_IRQHandler
                0x08003ba0                DMA2_Stream1_IRQHandler
                0x08003ba0                CAN1_SCE_IRQHandler
                0x08003ba0                FLASH_IRQHandler
                0x08003ba0                DMA2_Stream4_IRQHandler
                0x08003ba0                USART1_IRQHandler
                0x08003ba0                SPI3_IRQHandler
                0x08003ba0                DMA1_Stream4_IRQHandler
                0x08003ba0                I2C1_ER_IRQHandler
                0x08003ba0                DMA2_Stream6_IRQHandler
                0x08003ba0                DMA1_Stream3_IRQHandler
 *fill*         0x08003ba2        0x2 
 .text.__libc_init_array
                0x08003ba4       0x48 c:/program files/atollic/truestudio for stm32 9.1.0/armtools/bin/../lib/gcc/arm-atollic-eabi/6.3.1/../../../../arm-atollic-eabi/lib/armv7e-m/fpu\libc_nano.a(lib_a-init.o)
                0x08003ba4                __libc_init_array
 .text.malloc   0x08003bec       0x10 c:/program files/atollic/truestudio for stm32 9.1.0/armtools/bin/../lib/gcc/arm-atollic-eabi/6.3.1/../../../../arm-atollic-eabi/lib/armv7e-m/fpu\libc_nano.a(lib_a-malloc.o)
                0x08003bec                malloc
 .text.free     0x08003bfc       0x10 c:/program files/atollic/truestudio for stm32 9.1.0/armtools/bin/../lib/gcc/arm-atollic-eabi/6.3.1/../../../../arm-atollic-eabi/lib/armv7e-m/fpu\libc_nano.a(lib_a-malloc.o)
                0x08003bfc                free
 .text._free_r  0x08003c0c       0x9c c:/program files/atollic/truestudio for stm32 9.1.0/armtools/bin/../lib/gcc/arm-atollic-eabi/6.3.1/../../../../arm-atollic-eabi/lib/armv7e-m/fpu\libc_nano.a(lib_a-nano-freer.o)
                0x08003c0c                _free_r
 .text._malloc_r
                0x08003ca8       0xbc c:/program files/atollic/truestudio for stm32 9.1.0/armtools/bin/../lib/gcc/arm-atollic-eabi/6.3.1/../../../../arm-atollic-eabi/lib/armv7e-m/fpu\libc_nano.a(lib_a-nano-mallocr.o)
                0x08003ca8                _malloc_r
 .text._sbrk_r  0x08003d64       0x20 c:/program files/atollic/truestudio for stm32 9.1.0/armtools/bin/../lib/gcc/arm-atollic-eabi/6.3.1/../../../../arm-atollic-eabi/lib/armv7e-m/fpu\libc_nano.a(lib_a-sbrkr.o)
                0x08003d64                _sbrk_r
 .text.__malloc_lock
                0x08003d84        0x2 c:/program files/atollic/truestudio for stm32 9.1.0/armtools/bin/../lib/gcc/arm-atollic-eabi/6.3.1/../../../../arm-atollic-eabi/lib/armv7e-m/fpu\libc_nano.a(lib_a-mlock.o)
                0x08003d84                __malloc_lock
 .text.__malloc_unlock
                0x08003d86        0x2 c:/program files/atollic/truestudio for stm32 9.1.0/armtools/bin/../lib/gcc/arm-atollic-eabi/6.3.1/../../../../arm-atollic-eabi/lib/armv7e-m/fpu\libc_nano.a(lib_a-mlock.o)
                0x08003d86                __malloc_unlock
 .text._sbrk    0x08003d88       0x1c c:/program files/atollic/truestudio for stm32 9.1.0/armtools/bin/../lib/gcc/arm-atollic-eabi/6.3.1/../../../../arm-atollic-eabi/lib/armv7e-m/fpu\libnosys.a(sbrk.o)
                0x08003d88                _sbrk
 *(.glue_7)
 .glue_7        0x08003da4        0x0 linker stubs
 *(.glue_7t)
 .glue_7t       0x08003da4        0x0 linker stubs
 *(.eh_frame)
 .eh_frame      0x08003da4        0x0 c:/program files/atollic/truestudio for stm32 9.1.0/armtools/bin/../lib/gcc/arm-atollic-eabi/6.3.1/armv7e-m/fpu/crtbegin.o
 *(.init)
 .init          0x08003da4        0x4 c:/program files/atollic/truestudio for stm32 9.1.0/armtools/bin/../lib/gcc/arm-atollic-eabi/6.3.1/armv7e-m/fpu/crti.o
                0x08003da4                _init
 .init          0x08003da8        0x8 c:/program files/atollic/truestudio for stm32 9.1.0/armtools/bin/../lib/gcc/arm-atollic-eabi/6.3.1/armv7e-m/fpu/crtn.o
 *(.fini)
 .fini          0x08003db0        0x4 c:/program files/atollic/truestudio for stm32 9.1.0/armtools/bin/../lib/gcc/arm-atollic-eabi/6.3.1/armv7e-m/fpu/crti.o
                0x08003db0                _fini
 .fini          0x08003db4        0x8 c:/program files/atollic/truestudio for stm32 9.1.0/armtools/bin/../lib/gcc/arm-atollic-eabi/6.3.1/armv7e-m/fpu/crtn.o
                0x08003dbc                . = ALIGN (0x4)
                0x08003dbc                _etext = .

.vfp11_veneer   0x08003dbc        0x0
 .vfp11_veneer  0x08003dbc        0x0 linker stubs

.v4_bx          0x08003dbc        0x0
 .v4_bx         0x08003dbc        0x0 linker stubs

.iplt           0x08003dbc        0x0
 .iplt          0x08003dbc        0x0 c:/program files/atollic/truestudio for stm32 9.1.0/armtools/bin/../lib/gcc/arm-atollic-eabi/6.3.1/armv7e-m/fpu/crtbegin.o

.rodata         0x08003dbc       0x38
                0x08003dbc                . = ALIGN (0x4)
 *(.rodata)
 *(.rodata*)
 .rodata.str1.1
                0x08003dbc        0x4 Middlewares\ST\STM32_USB_Host_Library\Class\CDC\Src\usbh_cdc.o
 .rodata.AHBPrescTable
                0x08003dc0       0x10 Src\system_stm32f4xx.o
                0x08003dc0                AHBPrescTable
 .rodata.APBPrescTable
                0x08003dd0        0x8 Src\system_stm32f4xx.o
                0x08003dd0                APBPrescTable
 .rodata.CSWTCH.16
                0x08003dd8        0x3 Src\usbh_conf.o
 .rodata.CSWTCH.25
                0x08003ddb        0x4 Src\usbh_conf.o
 .rodata.USBH_LL_Init.str1.1
                0x08003ddf       0x13 Src\usbh_conf.o
                0x08003df4                . = ALIGN (0x4)
 *fill*         0x08003df2        0x2 

.ARM.extab
 *(.ARM.extab* .gnu.linkonce.armextab.*)

.ARM            0x08003df4        0x8
                0x08003df4                __exidx_start = .
 *(.ARM.exidx*)
 .ARM.exidx     0x08003df4        0x8 c:/program files/atollic/truestudio for stm32 9.1.0/armtools/bin/../lib/gcc/arm-atollic-eabi/6.3.1/armv7e-m/fpu\libgcc.a(_udivmoddi4.o)
                0x08003dfc                __exidx_end = .

.rel.dyn        0x08003dfc        0x0
 .rel.iplt      0x08003dfc        0x0 c:/program files/atollic/truestudio for stm32 9.1.0/armtools/bin/../lib/gcc/arm-atollic-eabi/6.3.1/armv7e-m/fpu/crtbegin.o

.preinit_array  0x08003dfc        0x0
                0x08003dfc                PROVIDE (__preinit_array_start, .)
 *(.preinit_array*)
                0x08003dfc                PROVIDE (__preinit_array_end, .)

.init_array     0x08003dfc        0x4
                0x08003dfc                PROVIDE (__init_array_start, .)
 *(SORT(.init_array.*))
 *(.init_array*)
 .init_array    0x08003dfc        0x4 c:/program files/atollic/truestudio for stm32 9.1.0/armtools/bin/../lib/gcc/arm-atollic-eabi/6.3.1/armv7e-m/fpu/crtbegin.o
                0x08003e00                PROVIDE (__init_array_end, .)

.fini_array     0x08003e00        0x4
                [!provide]                PROVIDE (__fini_array_start, .)
 *(SORT(.fini_array.*))
 *(.fini_array*)
 .fini_array    0x08003e00        0x4 c:/program files/atollic/truestudio for stm32 9.1.0/armtools/bin/../lib/gcc/arm-atollic-eabi/6.3.1/armv7e-m/fpu/crtbegin.o
                [!provide]                PROVIDE (__fini_array_end, .)
                0x08003e04                _sidata = LOADADDR (.data)

.data           0x20000000       0x90 load address 0x08003e04
                0x20000000                . = ALIGN (0x4)
                0x20000000                _sdata = .
 *(.data)
 *(.data*)
 .data.uwTickFreq
                0x20000000        0x1 Drivers\STM32F4xx_HAL_Driver\Src\stm32f4xx_hal.o
                0x20000000                uwTickFreq
 *fill*         0x20000001        0x3 
 .data.uwTickPrio
                0x20000004        0x4 Drivers\STM32F4xx_HAL_Driver\Src\stm32f4xx_hal.o
                0x20000004                uwTickPrio
 .data.CDC_Class
                0x20000008       0x20 Middlewares\ST\STM32_USB_Host_Library\Class\CDC\Src\usbh_cdc.o
                0x20000008                CDC_Class
 .data.SystemCoreClock
                0x20000028        0x4 Src\system_stm32f4xx.o
                0x20000028                SystemCoreClock
 .data._impure_ptr
                0x2000002c        0x4 c:/program files/atollic/truestudio for stm32 9.1.0/armtools/bin/../lib/gcc/arm-atollic-eabi/6.3.1/../../../../arm-atollic-eabi/lib/armv7e-m/fpu\libc_nano.a(lib_a-impure.o)
                0x2000002c                _impure_ptr
 .data.impure_data
                0x20000030       0x60 c:/program files/atollic/truestudio for stm32 9.1.0/armtools/bin/../lib/gcc/arm-atollic-eabi/6.3.1/../../../../arm-atollic-eabi/lib/armv7e-m/fpu\libc_nano.a(lib_a-impure.o)
                0x20000090                . = ALIGN (0x4)
                0x20000090                _edata = .
                0x08003e94                _siccmram = LOADADDR (.ccmram)

.igot.plt       0x20000090        0x0 load address 0x08003e94
 .igot.plt      0x20000090        0x0 c:/program files/atollic/truestudio for stm32 9.1.0/armtools/bin/../lib/gcc/arm-atollic-eabi/6.3.1/armv7e-m/fpu/crtbegin.o

.ccmram         0x10000000        0x0 load address 0x08003e94
                0x10000000                . = ALIGN (0x4)
                0x10000000                _sccmram = .
 *(.ccmram)
 *(.ccmram*)
                0x10000000                . = ALIGN (0x4)
                0x10000000                _eccmram = .
                0x10000000                . = ALIGN (0x4)

.bss            0x20000090      0x788
                0x20000090                _sbss = .
                0x20000090                __bss_start__ = _sbss
 *(.bss)
 .bss           0x20000090       0x1c c:/program files/atollic/truestudio for stm32 9.1.0/armtools/bin/../lib/gcc/arm-atollic-eabi/6.3.1/armv7e-m/fpu/crtbegin.o
 *(.bss*)
 .bss.Appli_state
                0x200000ac        0x1 Src\usb_host.o
                0x200000ac                Appli_state
 *fill*         0x200000ad        0x3 
 .bss.__malloc_free_list
                0x200000b0        0x4 c:/program files/atollic/truestudio for stm32 9.1.0/armtools/bin/../lib/gcc/arm-atollic-eabi/6.3.1/../../../../arm-atollic-eabi/lib/armv7e-m/fpu\libc_nano.a(lib_a-nano-mallocr.o)
                0x200000b0                __malloc_free_list
 .bss.__malloc_sbrk_start
                0x200000b4        0x4 c:/program files/atollic/truestudio for stm32 9.1.0/armtools/bin/../lib/gcc/arm-atollic-eabi/6.3.1/../../../../arm-atollic-eabi/lib/armv7e-m/fpu\libc_nano.a(lib_a-nano-mallocr.o)
                0x200000b4                __malloc_sbrk_start
 .bss.heap_end.5239
                0x200000b8        0x4 c:/program files/atollic/truestudio for stm32 9.1.0/armtools/bin/../lib/gcc/arm-atollic-eabi/6.3.1/../../../../arm-atollic-eabi/lib/armv7e-m/fpu\libnosys.a(sbrk.o)
 *(COMMON)
 COMMON         0x200000bc        0x4 Drivers\STM32F4xx_HAL_Driver\Src\stm32f4xx_hal.o
                0x200000bc                uwTick
 COMMON         0x200000c0       0xf4 Src\main.o
                0x200000c0                hi2c1
                0x20000114                hspi1
                0x2000016c                hi2s3
 COMMON         0x200001b4      0x3c8 Src\usb_host.o
                0x200001b4                hUsbHostFS
 COMMON         0x2000057c      0x298 Src\usbh_conf.o
                0x2000057c                hhcd_USB_OTG_FS
 COMMON         0x20000814        0x4 c:/program files/atollic/truestudio for stm32 9.1.0/armtools/bin/../lib/gcc/arm-atollic-eabi/6.3.1/../../../../arm-atollic-eabi/lib/armv7e-m/fpu\libc_nano.a(lib_a-reent.o)
                0x20000814                errno
                0x20000818                . = ALIGN (0x4)
                0x20000818                _ebss = .
                0x20000818                __bss_end__ = _ebss

._user_heap_stack
                0x20000818      0x600
                0x20000818                . = ALIGN (0x4)
                0x20000818                PROVIDE (end, .)
                [!provide]                PROVIDE (_end, .)
                0x20000a18                . = (. + _Min_Heap_Size)
 *fill*         0x20000818      0x200 
                0x20000e18                . = (. + _Min_Stack_Size)
 *fill*         0x20000a18      0x400 
                0x20000e18                . = ALIGN (0x4)

/DISCARD/
 libc.a(*)
 libm.a(*)
 libgcc.a(*)

.ARM.attributes
                0x00000000       0x30
 *(.ARM.attributes)
 .ARM.attributes
                0x00000000       0x22 c:/program files/atollic/truestudio for stm32 9.1.0/armtools/bin/../lib/gcc/arm-atollic-eabi/6.3.1/armv7e-m/fpu/crti.o
 .ARM.attributes
                0x00000022       0x34 c:/program files/atollic/truestudio for stm32 9.1.0/armtools/bin/../lib/gcc/arm-atollic-eabi/6.3.1/armv7e-m/fpu/crtbegin.o
 .ARM.attributes
                0x00000056       0x39 Drivers\STM32F4xx_HAL_Driver\Src\stm32f4xx_hal.o
 .ARM.attributes
                0x0000008f       0x39 Drivers\STM32F4xx_HAL_Driver\Src\stm32f4xx_hal_cortex.o
 .ARM.attributes
                0x000000c8       0x39 Drivers\STM32F4xx_HAL_Driver\Src\stm32f4xx_hal_gpio.o
 .ARM.attributes
                0x00000101       0x39 Drivers\STM32F4xx_HAL_Driver\Src\stm32f4xx_hal_hcd.o
 .ARM.attributes
                0x0000013a       0x39 Drivers\STM32F4xx_HAL_Driver\Src\stm32f4xx_hal_i2c.o
 .ARM.attributes
                0x00000173       0x39 Drivers\STM32F4xx_HAL_Driver\Src\stm32f4xx_hal_i2s.o
 .ARM.attributes
                0x000001ac       0x39 Drivers\STM32F4xx_HAL_Driver\Src\stm32f4xx_hal_i2s_ex.o
 .ARM.attributes
                0x000001e5       0x39 Drivers\STM32F4xx_HAL_Driver\Src\stm32f4xx_hal_rcc.o
 .ARM.attributes
                0x0000021e       0x39 Drivers\STM32F4xx_HAL_Driver\Src\stm32f4xx_hal_rcc_ex.o
 .ARM.attributes
                0x00000257       0x39 Drivers\STM32F4xx_HAL_Driver\Src\stm32f4xx_hal_spi.o
 .ARM.attributes
                0x00000290       0x39 Drivers\STM32F4xx_HAL_Driver\Src\stm32f4xx_ll_usb.o
 .ARM.attributes
                0x000002c9       0x39 Middlewares\ST\STM32_USB_Host_Library\Class\CDC\Src\usbh_cdc.o
 .ARM.attributes
                0x00000302       0x39 Middlewares\ST\STM32_USB_Host_Library\Core\Src\usbh_core.o
 .ARM.attributes
                0x0000033b       0x39 Middlewares\ST\STM32_USB_Host_Library\Core\Src\usbh_ctlreq.o
 .ARM.attributes
                0x00000374       0x39 Middlewares\ST\STM32_USB_Host_Library\Core\Src\usbh_ioreq.o
 .ARM.attributes
                0x000003ad       0x39 Middlewares\ST\STM32_USB_Host_Library\Core\Src\usbh_pipes.o
 .ARM.attributes
                0x000003e6       0x39 Src\main.o
 .ARM.attributes
                0x0000041f       0x39 Src\stm32f4xx_hal_msp.o
 .ARM.attributes
                0x00000458       0x39 Src\stm32f4xx_it.o
 .ARM.attributes
                0x00000491       0x39 Src\system_stm32f4xx.o
 .ARM.attributes
                0x000004ca       0x39 Src\usb_host.o
 .ARM.attributes
                0x00000503       0x39 Src\usbh_conf.o
 .ARM.attributes
                0x0000053c       0x39 Src\usbh_platform.o
 .ARM.attributes
                0x00000575       0x21 startup\startup_stm32f407xx.o
 .ARM.attributes
                0x00000596       0x34 c:/program files/atollic/truestudio for stm32 9.1.0/armtools/bin/../lib/gcc/arm-atollic-eabi/6.3.1/../../../../arm-atollic-eabi/lib/armv7e-m/fpu\libc_nano.a(lib_a-init.o)
 .ARM.attributes
                0x000005ca       0x34 c:/program files/atollic/truestudio for stm32 9.1.0/armtools/bin/../lib/gcc/arm-atollic-eabi/6.3.1/../../../../arm-atollic-eabi/lib/armv7e-m/fpu\libc_nano.a(lib_a-malloc.o)
 .ARM.attributes
                0x000005fe       0x34 c:/program files/atollic/truestudio for stm32 9.1.0/armtools/bin/../lib/gcc/arm-atollic-eabi/6.3.1/../../../../arm-atollic-eabi/lib/armv7e-m/fpu\libc_nano.a(lib_a-nano-freer.o)
 .ARM.attributes
                0x00000632       0x34 c:/program files/atollic/truestudio for stm32 9.1.0/armtools/bin/../lib/gcc/arm-atollic-eabi/6.3.1/../../../../arm-atollic-eabi/lib/armv7e-m/fpu\libc_nano.a(lib_a-nano-mallocr.o)
 .ARM.attributes
                0x00000666       0x34 c:/program files/atollic/truestudio for stm32 9.1.0/armtools/bin/../lib/gcc/arm-atollic-eabi/6.3.1/../../../../arm-atollic-eabi/lib/armv7e-m/fpu\libc_nano.a(lib_a-sbrkr.o)
 .ARM.attributes
                0x0000069a       0x34 c:/program files/atollic/truestudio for stm32 9.1.0/armtools/bin/../lib/gcc/arm-atollic-eabi/6.3.1/../../../../arm-atollic-eabi/lib/armv7e-m/fpu\libc_nano.a(lib_a-impure.o)
 .ARM.attributes
                0x000006ce       0x34 c:/program files/atollic/truestudio for stm32 9.1.0/armtools/bin/../lib/gcc/arm-atollic-eabi/6.3.1/../../../../arm-atollic-eabi/lib/armv7e-m/fpu\libc_nano.a(lib_a-mlock.o)
 .ARM.attributes
                0x00000702       0x34 c:/program files/atollic/truestudio for stm32 9.1.0/armtools/bin/../lib/gcc/arm-atollic-eabi/6.3.1/../../../../arm-atollic-eabi/lib/armv7e-m/fpu\libc_nano.a(lib_a-reent.o)
 .ARM.attributes
                0x00000736       0x22 c:/program files/atollic/truestudio for stm32 9.1.0/armtools/bin/../lib/gcc/arm-atollic-eabi/6.3.1/armv7e-m/fpu\libgcc.a(_aeabi_uldivmod.o)
 .ARM.attributes
                0x00000758       0x34 c:/program files/atollic/truestudio for stm32 9.1.0/armtools/bin/../lib/gcc/arm-atollic-eabi/6.3.1/armv7e-m/fpu\libgcc.a(_udivmoddi4.o)
 .ARM.attributes
                0x0000078c       0x22 c:/program files/atollic/truestudio for stm32 9.1.0/armtools/bin/../lib/gcc/arm-atollic-eabi/6.3.1/armv7e-m/fpu\libgcc.a(_dvmd_tls.o)
 .ARM.attributes
                0x000007ae       0x34 c:/program files/atollic/truestudio for stm32 9.1.0/armtools/bin/../lib/gcc/arm-atollic-eabi/6.3.1/../../../../arm-atollic-eabi/lib/armv7e-m/fpu\libnosys.a(sbrk.o)
 .ARM.attributes
                0x000007e2       0x22 c:/program files/atollic/truestudio for stm32 9.1.0/armtools/bin/../lib/gcc/arm-atollic-eabi/6.3.1/armv7e-m/fpu/crtn.o
OUTPUT(smart_control.elf elf32-littlearm)

.debug_info     0x00000000    0x22e44
 .debug_info    0x00000000     0x11ec Drivers\STM32F4xx_HAL_Driver\Src\stm32f4xx_hal.o
 .debug_info    0x000011ec     0x1744 Drivers\STM32F4xx_HAL_Driver\Src\stm32f4xx_hal_cortex.o
 .debug_info    0x00002930      0xf88 Drivers\STM32F4xx_HAL_Driver\Src\stm32f4xx_hal_gpio.o
 .debug_info    0x000038b8     0x1982 Drivers\STM32F4xx_HAL_Driver\Src\stm32f4xx_hal_hcd.o
 .debug_info    0x0000523a     0x378c Drivers\STM32F4xx_HAL_Driver\Src\stm32f4xx_hal_i2c.o
 .debug_info    0x000089c6     0x17ae Drivers\STM32F4xx_HAL_Driver\Src\stm32f4xx_hal_i2s.o
 .debug_info    0x0000a174     0x1599 Drivers\STM32F4xx_HAL_Driver\Src\stm32f4xx_hal_i2s_ex.o
 .debug_info    0x0000b70d     0x1269 Drivers\STM32F4xx_HAL_Driver\Src\stm32f4xx_hal_rcc.o
 .debug_info    0x0000c976      0xe75 Drivers\STM32F4xx_HAL_Driver\Src\stm32f4xx_hal_rcc_ex.o
 .debug_info    0x0000d7eb     0x23d2 Drivers\STM32F4xx_HAL_Driver\Src\stm32f4xx_hal_spi.o
 .debug_info    0x0000fbbd     0x1f59 Drivers\STM32F4xx_HAL_Driver\Src\stm32f4xx_ll_usb.o
 .debug_info    0x00011b16     0x1eb1 Middlewares\ST\STM32_USB_Host_Library\Class\CDC\Src\usbh_cdc.o
 .debug_info    0x000139c7     0x1a1f Middlewares\ST\STM32_USB_Host_Library\Core\Src\usbh_core.o
 .debug_info    0x000153e6     0x1a8a Middlewares\ST\STM32_USB_Host_Library\Core\Src\usbh_ctlreq.o
 .debug_info    0x00016e70     0x1684 Middlewares\ST\STM32_USB_Host_Library\Core\Src\usbh_ioreq.o
 .debug_info    0x000184f4     0x12e6 Middlewares\ST\STM32_USB_Host_Library\Core\Src\usbh_pipes.o
 .debug_info    0x000197da     0x1f6b Src\main.o
 .debug_info    0x0001b745     0x1a6c Src\stm32f4xx_hal_msp.o
 .debug_info    0x0001d1b1      0xe93 Src\stm32f4xx_it.o
 .debug_info    0x0001e044      0xd1c Src\system_stm32f4xx.o
 .debug_info    0x0001ed60     0x1256 Src\usb_host.o
 .debug_info    0x0001ffb6     0x23b3 Src\usbh_conf.o
 .debug_info    0x00022369      0xa65 Src\usbh_platform.o
 .debug_info    0x00022dce       0x76 startup\startup_stm32f407xx.o

.debug_abbrev   0x00000000     0x45cc
 .debug_abbrev  0x00000000      0x308 Drivers\STM32F4xx_HAL_Driver\Src\stm32f4xx_hal.o
 .debug_abbrev  0x00000308      0x399 Drivers\STM32F4xx_HAL_Driver\Src\stm32f4xx_hal_cortex.o
 .debug_abbrev  0x000006a1      0x268 Drivers\STM32F4xx_HAL_Driver\Src\stm32f4xx_hal_gpio.o
 .debug_abbrev  0x00000909      0x38b Drivers\STM32F4xx_HAL_Driver\Src\stm32f4xx_hal_hcd.o
 .debug_abbrev  0x00000c94      0x3b4 Drivers\STM32F4xx_HAL_Driver\Src\stm32f4xx_hal_i2c.o
 .debug_abbrev  0x00001048      0x37b Drivers\STM32F4xx_HAL_Driver\Src\stm32f4xx_hal_i2s.o
 .debug_abbrev  0x000013c3      0x377 Drivers\STM32F4xx_HAL_Driver\Src\stm32f4xx_hal_i2s_ex.o
 .debug_abbrev  0x0000173a      0x353 Drivers\STM32F4xx_HAL_Driver\Src\stm32f4xx_hal_rcc.o
 .debug_abbrev  0x00001a8d      0x225 Drivers\STM32F4xx_HAL_Driver\Src\stm32f4xx_hal_rcc_ex.o
 .debug_abbrev  0x00001cb2      0x3ac Drivers\STM32F4xx_HAL_Driver\Src\stm32f4xx_hal_spi.o
 .debug_abbrev  0x0000205e      0x380 Drivers\STM32F4xx_HAL_Driver\Src\stm32f4xx_ll_usb.o
 .debug_abbrev  0x000023de      0x3ca Middlewares\ST\STM32_USB_Host_Library\Class\CDC\Src\usbh_cdc.o
 .debug_abbrev  0x000027a8      0x3ce Middlewares\ST\STM32_USB_Host_Library\Core\Src\usbh_core.o
 .debug_abbrev  0x00002b76      0x3b5 Middlewares\ST\STM32_USB_Host_Library\Core\Src\usbh_ctlreq.o
 .debug_abbrev  0x00002f2b      0x271 Middlewares\ST\STM32_USB_Host_Library\Core\Src\usbh_ioreq.o
 .debug_abbrev  0x0000319c      0x2c6 Middlewares\ST\STM32_USB_Host_Library\Core\Src\usbh_pipes.o
 .debug_abbrev  0x00003462      0x30d Src\main.o
 .debug_abbrev  0x0000376f      0x22e Src\stm32f4xx_hal_msp.o
 .debug_abbrev  0x0000399d      0x23e Src\stm32f4xx_it.o
 .debug_abbrev  0x00003bdb      0x1ca Src\system_stm32f4xx.o
 .debug_abbrev  0x00003da5      0x29b Src\usb_host.o
 .debug_abbrev  0x00004040      0x392 Src\usbh_conf.o
 .debug_abbrev  0x000043d2      0x1e8 Src\usbh_platform.o
 .debug_abbrev  0x000045ba       0x12 startup\startup_stm32f407xx.o

.debug_loc      0x00000000     0xadf7
 .debug_loc     0x00000000      0x11b Drivers\STM32F4xx_HAL_Driver\Src\stm32f4xx_hal.o
 .debug_loc     0x0000011b      0x4fb Drivers\STM32F4xx_HAL_Driver\Src\stm32f4xx_hal_cortex.o
 .debug_loc     0x00000616      0x3cd Drivers\STM32F4xx_HAL_Driver\Src\stm32f4xx_hal_gpio.o
 .debug_loc     0x000009e3      0xa2e Drivers\STM32F4xx_HAL_Driver\Src\stm32f4xx_hal_hcd.o
 .debug_loc     0x00001411     0x2bba Drivers\STM32F4xx_HAL_Driver\Src\stm32f4xx_hal_i2c.o
 .debug_loc     0x00003fcb      0xb83 Drivers\STM32F4xx_HAL_Driver\Src\stm32f4xx_hal_i2s.o
 .debug_loc     0x00004b4e      0x7d2 Drivers\STM32F4xx_HAL_Driver\Src\stm32f4xx_hal_i2s_ex.o
 .debug_loc     0x00005320      0x336 Drivers\STM32F4xx_HAL_Driver\Src\stm32f4xx_hal_rcc.o
 .debug_loc     0x00005656      0x2cf Drivers\STM32F4xx_HAL_Driver\Src\stm32f4xx_hal_rcc_ex.o
 .debug_loc     0x00005925     0x150f Drivers\STM32F4xx_HAL_Driver\Src\stm32f4xx_hal_spi.o
 .debug_loc     0x00006e34     0x1632 Drivers\STM32F4xx_HAL_Driver\Src\stm32f4xx_ll_usb.o
 .debug_loc     0x00008466      0x6ca Middlewares\ST\STM32_USB_Host_Library\Class\CDC\Src\usbh_cdc.o
 .debug_loc     0x00008b30      0x71c Middlewares\ST\STM32_USB_Host_Library\Core\Src\usbh_core.o
 .debug_loc     0x0000924c      0xaa5 Middlewares\ST\STM32_USB_Host_Library\Core\Src\usbh_ctlreq.o
 .debug_loc     0x00009cf1      0x57d Middlewares\ST\STM32_USB_Host_Library\Core\Src\usbh_ioreq.o
 .debug_loc     0x0000a26e      0x1a4 Middlewares\ST\STM32_USB_Host_Library\Core\Src\usbh_pipes.o
 .debug_loc     0x0000a412       0x42 Src\main.o
 .debug_loc     0x0000a454       0xe7 Src\stm32f4xx_hal_msp.o
 .debug_loc     0x0000a53b      0x11c Src\system_stm32f4xx.o
 .debug_loc     0x0000a657      0x754 Src\usbh_conf.o
 .debug_loc     0x0000adab       0x4c Src\usbh_platform.o

.debug_aranges  0x00000000      0xd38
 .debug_aranges
                0x00000000       0xd8 Drivers\STM32F4xx_HAL_Driver\Src\stm32f4xx_hal.o
 .debug_aranges
                0x000000d8       0xa8 Drivers\STM32F4xx_HAL_Driver\Src\stm32f4xx_hal_cortex.o
 .debug_aranges
                0x00000180       0x58 Drivers\STM32F4xx_HAL_Driver\Src\stm32f4xx_hal_gpio.o
 .debug_aranges
                0x000001d8       0xa0 Drivers\STM32F4xx_HAL_Driver\Src\stm32f4xx_hal_hcd.o
 .debug_aranges
                0x00000278      0x190 Drivers\STM32F4xx_HAL_Driver\Src\stm32f4xx_hal_i2c.o
 .debug_aranges
                0x00000408       0xc8 Drivers\STM32F4xx_HAL_Driver\Src\stm32f4xx_hal_i2s.o
 .debug_aranges
                0x000004d0       0x60 Drivers\STM32F4xx_HAL_Driver\Src\stm32f4xx_hal_i2s_ex.o
 .debug_aranges
                0x00000530       0x88 Drivers\STM32F4xx_HAL_Driver\Src\stm32f4xx_hal_rcc.o
 .debug_aranges
                0x000005b8       0x48 Drivers\STM32F4xx_HAL_Driver\Src\stm32f4xx_hal_rcc_ex.o
 .debug_aranges
                0x00000600      0x180 Drivers\STM32F4xx_HAL_Driver\Src\stm32f4xx_hal_spi.o
 .debug_aranges
                0x00000780      0x178 Drivers\STM32F4xx_HAL_Driver\Src\stm32f4xx_ll_usb.o
 .debug_aranges
                0x000008f8       0x78 Middlewares\ST\STM32_USB_Host_Library\Class\CDC\Src\usbh_cdc.o
 .debug_aranges
                0x00000970       0x98 Middlewares\ST\STM32_USB_Host_Library\Core\Src\usbh_core.o
 .debug_aranges
                0x00000a08       0x68 Middlewares\ST\STM32_USB_Host_Library\Core\Src\usbh_ctlreq.o
 .debug_aranges
                0x00000a70       0x60 Middlewares\ST\STM32_USB_Host_Library\Core\Src\usbh_ioreq.o
 .debug_aranges
                0x00000ad0       0x38 Middlewares\ST\STM32_USB_Host_Library\Core\Src\usbh_pipes.o
 .debug_aranges
                0x00000b08       0x30 Src\main.o
 .debug_aranges
                0x00000b38       0x50 Src\stm32f4xx_hal_msp.o
 .debug_aranges
                0x00000b88       0x50 Src\stm32f4xx_it.o
 .debug_aranges
                0x00000bd8       0x28 Src\system_stm32f4xx.o
 .debug_aranges
                0x00000c00       0x30 Src\usb_host.o
 .debug_aranges
                0x00000c30       0xc0 Src\usbh_conf.o
 .debug_aranges
                0x00000cf0       0x20 Src\usbh_platform.o
 .debug_aranges
                0x00000d10       0x28 startup\startup_stm32f407xx.o

.debug_ranges   0x00000000     0x1220
 .debug_ranges  0x00000000       0xc8 Drivers\STM32F4xx_HAL_Driver\Src\stm32f4xx_hal.o
 .debug_ranges  0x000000c8      0x138 Drivers\STM32F4xx_HAL_Driver\Src\stm32f4xx_hal_cortex.o
 .debug_ranges  0x00000200       0x68 Drivers\STM32F4xx_HAL_Driver\Src\stm32f4xx_hal_gpio.o
 .debug_ranges  0x00000268      0x108 Drivers\STM32F4xx_HAL_Driver\Src\stm32f4xx_hal_hcd.o
 .debug_ranges  0x00000370      0x358 Drivers\STM32F4xx_HAL_Driver\Src\stm32f4xx_hal_i2c.o
 .debug_ranges  0x000006c8       0xe8 Drivers\STM32F4xx_HAL_Driver\Src\stm32f4xx_hal_i2s.o
 .debug_ranges  0x000007b0       0x80 Drivers\STM32F4xx_HAL_Driver\Src\stm32f4xx_hal_i2s_ex.o
 .debug_ranges  0x00000830       0xb0 Drivers\STM32F4xx_HAL_Driver\Src\stm32f4xx_hal_rcc.o
 .debug_ranges  0x000008e0       0x50 Drivers\STM32F4xx_HAL_Driver\Src\stm32f4xx_hal_rcc_ex.o
 .debug_ranges  0x00000930      0x1d0 Drivers\STM32F4xx_HAL_Driver\Src\stm32f4xx_hal_spi.o
 .debug_ranges  0x00000b00      0x180 Drivers\STM32F4xx_HAL_Driver\Src\stm32f4xx_ll_usb.o
 .debug_ranges  0x00000c80       0xc8 Middlewares\ST\STM32_USB_Host_Library\Class\CDC\Src\usbh_cdc.o
 .debug_ranges  0x00000d48       0x88 Middlewares\ST\STM32_USB_Host_Library\Core\Src\usbh_core.o
 .debug_ranges  0x00000dd0      0x120 Middlewares\ST\STM32_USB_Host_Library\Core\Src\usbh_ctlreq.o
 .debug_ranges  0x00000ef0       0x50 Middlewares\ST\STM32_USB_Host_Library\Core\Src\usbh_ioreq.o
 .debug_ranges  0x00000f40       0x48 Middlewares\ST\STM32_USB_Host_Library\Core\Src\usbh_pipes.o
 .debug_ranges  0x00000f88       0x90 Src\main.o
 .debug_ranges  0x00001018       0x98 Src\stm32f4xx_hal_msp.o
 .debug_ranges  0x000010b0       0x40 Src\stm32f4xx_it.o
 .debug_ranges  0x000010f0       0x18 Src\system_stm32f4xx.o
 .debug_ranges  0x00001108       0x20 Src\usb_host.o
 .debug_ranges  0x00001128       0xc8 Src\usbh_conf.o
 .debug_ranges  0x000011f0       0x10 Src\usbh_platform.o
 .debug_ranges  0x00001200       0x20 startup\startup_stm32f407xx.o

.debug_line     0x00000000     0x889d
 .debug_line    0x00000000      0x480 Drivers\STM32F4xx_HAL_Driver\Src\stm32f4xx_hal.o
 .debug_line    0x00000480      0x4ca Drivers\STM32F4xx_HAL_Driver\Src\stm32f4xx_hal_cortex.o
 .debug_line    0x0000094a      0x468 Drivers\STM32F4xx_HAL_Driver\Src\stm32f4xx_hal_gpio.o
 .debug_line    0x00000db2      0x636 Drivers\STM32F4xx_HAL_Driver\Src\stm32f4xx_hal_hcd.o
 .debug_line    0x000013e8     0x1875 Drivers\STM32F4xx_HAL_Driver\Src\stm32f4xx_hal_i2c.o
 .debug_line    0x00002c5d      0x7cf Drivers\STM32F4xx_HAL_Driver\Src\stm32f4xx_hal_i2s.o
 .debug_line    0x0000342c      0x67c Drivers\STM32F4xx_HAL_Driver\Src\stm32f4xx_hal_i2s_ex.o
 .debug_line    0x00003aa8      0x579 Drivers\STM32F4xx_HAL_Driver\Src\stm32f4xx_hal_rcc.o
 .debug_line    0x00004021      0x41b Drivers\STM32F4xx_HAL_Driver\Src\stm32f4xx_hal_rcc_ex.o
 .debug_line    0x0000443c      0xba0 Drivers\STM32F4xx_HAL_Driver\Src\stm32f4xx_hal_spi.o
 .debug_line    0x00004fdc      0x8d9 Drivers\STM32F4xx_HAL_Driver\Src\stm32f4xx_ll_usb.o
 .debug_line    0x000058b5      0x571 Middlewares\ST\STM32_USB_Host_Library\Class\CDC\Src\usbh_cdc.o
 .debug_line    0x00005e26      0x52b Middlewares\ST\STM32_USB_Host_Library\Core\Src\usbh_core.o
 .debug_line    0x00006351      0x4e9 Middlewares\ST\STM32_USB_Host_Library\Core\Src\usbh_ctlreq.o
 .debug_line    0x0000683a      0x3c0 Middlewares\ST\STM32_USB_Host_Library\Core\Src\usbh_ioreq.o
 .debug_line    0x00006bfa      0x350 Middlewares\ST\STM32_USB_Host_Library\Core\Src\usbh_pipes.o
 .debug_line    0x00006f4a      0x444 Src\main.o
 .debug_line    0x0000738e      0x3cc Src\stm32f4xx_hal_msp.o
 .debug_line    0x0000775a      0x325 Src\stm32f4xx_it.o
 .debug_line    0x00007a7f      0x263 Src\system_stm32f4xx.o
 .debug_line    0x00007ce2      0x35f Src\usb_host.o
 .debug_line    0x00008041      0x572 Src\usbh_conf.o
 .debug_line    0x000085b3      0x26b Src\usbh_platform.o
 .debug_line    0x0000881e       0x7f startup\startup_stm32f407xx.o

.debug_str      0x00000000     0x54c3
 .debug_str     0x00000000      0xf0c Drivers\STM32F4xx_HAL_Driver\Src\stm32f4xx_hal.o
                                0xfb8 (size before relaxing)
 .debug_str     0x00000f0c      0x3c3 Drivers\STM32F4xx_HAL_Driver\Src\stm32f4xx_hal_cortex.o
                               0x108f (size before relaxing)
 .debug_str     0x000012cf      0x1d8 Drivers\STM32F4xx_HAL_Driver\Src\stm32f4xx_hal_gpio.o
                                0x965 (size before relaxing)
 .debug_str     0x000014a7      0x84c Drivers\STM32F4xx_HAL_Driver\Src\stm32f4xx_hal_hcd.o
                                0xf29 (size before relaxing)
 .debug_str     0x00001cf3      0xc51 Drivers\STM32F4xx_HAL_Driver\Src\stm32f4xx_hal_i2c.o
                               0x13ab (size before relaxing)
 .debug_str     0x00002944      0x42e Drivers\STM32F4xx_HAL_Driver\Src\stm32f4xx_hal_i2s.o
                                0xd95 (size before relaxing)
 .debug_str     0x00002d72      0x1d1 Drivers\STM32F4xx_HAL_Driver\Src\stm32f4xx_hal_i2s_ex.o
                                0xcc9 (size before relaxing)
 .debug_str     0x00002f43      0x2c9 Drivers\STM32F4xx_HAL_Driver\Src\stm32f4xx_hal_rcc.o
                                0xb38 (size before relaxing)
 .debug_str     0x0000320c      0x15e Drivers\STM32F4xx_HAL_Driver\Src\stm32f4xx_hal_rcc_ex.o
                                0x931 (size before relaxing)
 .debug_str     0x0000336a      0x5f9 Drivers\STM32F4xx_HAL_Driver\Src\stm32f4xx_hal_spi.o
                                0xfef (size before relaxing)
 .debug_str     0x00003963      0x450 Drivers\STM32F4xx_HAL_Driver\Src\stm32f4xx_ll_usb.o
                               0x1015 (size before relaxing)
 .debug_str     0x00003db3      0xe79 Middlewares\ST\STM32_USB_Host_Library\Class\CDC\Src\usbh_cdc.o
                               0x158b (size before relaxing)
 .debug_str     0x00004c2c      0x26e Middlewares\ST\STM32_USB_Host_Library\Core\Src\usbh_core.o
                               0x10e0 (size before relaxing)
 .debug_str     0x00004e9a      0x1db Middlewares\ST\STM32_USB_Host_Library\Core\Src\usbh_ctlreq.o
                               0x10fa (size before relaxing)
 .debug_str     0x00005075       0xb2 Middlewares\ST\STM32_USB_Host_Library\Core\Src\usbh_ioreq.o
                                0xf2f (size before relaxing)
 .debug_str     0x00005127       0x80 Middlewares\ST\STM32_USB_Host_Library\Core\Src\usbh_pipes.o
                                0xec5 (size before relaxing)
 .debug_str     0x000051a7       0xbf Src\main.o
                               0x17fa (size before relaxing)
 .debug_str     0x00005266       0x1b Src\stm32f4xx_hal_msp.o
                               0x154d (size before relaxing)
 .debug_str     0x00005281       0xc8 Src\stm32f4xx_it.o
                                0xb1d (size before relaxing)
 .debug_str     0x00005349       0x45 Src\system_stm32f4xx.o
                                0x7c9 (size before relaxing)
 .debug_str     0x0000538e       0x99 Src\usb_host.o
                                0xee5 (size before relaxing)
 .debug_str     0x00005427       0x85 Src\usbh_conf.o
                               0x1cf1 (size before relaxing)
 .debug_str     0x000054ac       0x17 Src\usbh_platform.o
                                0x6d7 (size before relaxing)

.comment        0x00000000       0x7c
 .comment       0x00000000       0x7c Drivers\STM32F4xx_HAL_Driver\Src\stm32f4xx_hal.o
                                 0x7d (size before relaxing)
 .comment       0x0000007c       0x7d Drivers\STM32F4xx_HAL_Driver\Src\stm32f4xx_hal_cortex.o
 .comment       0x0000007c       0x7d Drivers\STM32F4xx_HAL_Driver\Src\stm32f4xx_hal_gpio.o
 .comment       0x0000007c       0x7d Drivers\STM32F4xx_HAL_Driver\Src\stm32f4xx_hal_hcd.o
 .comment       0x0000007c       0x7d Drivers\STM32F4xx_HAL_Driver\Src\stm32f4xx_hal_i2c.o
 .comment       0x0000007c       0x7d Drivers\STM32F4xx_HAL_Driver\Src\stm32f4xx_hal_i2s.o
 .comment       0x0000007c       0x7d Drivers\STM32F4xx_HAL_Driver\Src\stm32f4xx_hal_i2s_ex.o
 .comment       0x0000007c       0x7d Drivers\STM32F4xx_HAL_Driver\Src\stm32f4xx_hal_rcc.o
 .comment       0x0000007c       0x7d Drivers\STM32F4xx_HAL_Driver\Src\stm32f4xx_hal_rcc_ex.o
 .comment       0x0000007c       0x7d Drivers\STM32F4xx_HAL_Driver\Src\stm32f4xx_hal_spi.o
 .comment       0x0000007c       0x7d Drivers\STM32F4xx_HAL_Driver\Src\stm32f4xx_ll_usb.o
 .comment       0x0000007c       0x7d Middlewares\ST\STM32_USB_Host_Library\Class\CDC\Src\usbh_cdc.o
 .comment       0x0000007c       0x7d Middlewares\ST\STM32_USB_Host_Library\Core\Src\usbh_core.o
 .comment       0x0000007c       0x7d Middlewares\ST\STM32_USB_Host_Library\Core\Src\usbh_ctlreq.o
 .comment       0x0000007c       0x7d Middlewares\ST\STM32_USB_Host_Library\Core\Src\usbh_ioreq.o
 .comment       0x0000007c       0x7d Middlewares\ST\STM32_USB_Host_Library\Core\Src\usbh_pipes.o
 .comment       0x0000007c       0x7d Src\main.o
 .comment       0x0000007c       0x7d Src\stm32f4xx_hal_msp.o
 .comment       0x0000007c       0x7d Src\stm32f4xx_it.o
 .comment       0x0000007c       0x7d Src\system_stm32f4xx.o
 .comment       0x0000007c       0x7d Src\usb_host.o
 .comment       0x0000007c       0x7d Src\usbh_conf.o
 .comment       0x0000007c       0x7d Src\usbh_platform.o

.debug_frame    0x00000000     0x2780
 .debug_frame   0x00000000      0x1d0 Drivers\STM32F4xx_HAL_Driver\Src\stm32f4xx_hal.o
 .debug_frame   0x000001d0      0x158 Drivers\STM32F4xx_HAL_Driver\Src\stm32f4xx_hal_cortex.o
 .debug_frame   0x00000328       0xd8 Drivers\STM32F4xx_HAL_Driver\Src\stm32f4xx_hal_gpio.o
 .debug_frame   0x00000400      0x1f0 Drivers\STM32F4xx_HAL_Driver\Src\stm32f4xx_hal_hcd.o
 .debug_frame   0x000005f0      0x684 Drivers\STM32F4xx_HAL_Driver\Src\stm32f4xx_hal_i2c.o
 .debug_frame   0x00000c74      0x278 Drivers\STM32F4xx_HAL_Driver\Src\stm32f4xx_hal_i2s.o
 .debug_frame   0x00000eec      0x128 Drivers\STM32F4xx_HAL_Driver\Src\stm32f4xx_hal_i2s_ex.o
 .debug_frame   0x00001014      0x13c Drivers\STM32F4xx_HAL_Driver\Src\stm32f4xx_hal_rcc.o
 .debug_frame   0x00001150       0xac Drivers\STM32F4xx_HAL_Driver\Src\stm32f4xx_hal_rcc_ex.o
 .debug_frame   0x000011fc      0x560 Drivers\STM32F4xx_HAL_Driver\Src\stm32f4xx_hal_spi.o
 .debug_frame   0x0000175c      0x468 Drivers\STM32F4xx_HAL_Driver\Src\stm32f4xx_ll_usb.o
 .debug_frame   0x00001bc4      0x148 Middlewares\ST\STM32_USB_Host_Library\Class\CDC\Src\usbh_cdc.o
 .debug_frame   0x00001d0c      0x16c Middlewares\ST\STM32_USB_Host_Library\Core\Src\usbh_core.o
 .debug_frame   0x00001e78      0x10c Middlewares\ST\STM32_USB_Host_Library\Core\Src\usbh_ctlreq.o
 .debug_frame   0x00001f84      0x130 Middlewares\ST\STM32_USB_Host_Library\Core\Src\usbh_ioreq.o
 .debug_frame   0x000020b4       0x70 Middlewares\ST\STM32_USB_Host_Library\Core\Src\usbh_pipes.o
 .debug_frame   0x00002124       0x64 Src\main.o
 .debug_frame   0x00002188       0xc8 Src\stm32f4xx_hal_msp.o
 .debug_frame   0x00002250       0xbc Src\stm32f4xx_it.o
 .debug_frame   0x0000230c       0x38 Src\system_stm32f4xx.o
 .debug_frame   0x00002344       0x4c Src\usb_host.o
 .debug_frame   0x00002390      0x1d8 Src\usbh_conf.o
 .debug_frame   0x00002568       0x20 Src\usbh_platform.o
 .debug_frame   0x00002588       0x2c c:/program files/atollic/truestudio for stm32 9.1.0/armtools/bin/../lib/gcc/arm-atollic-eabi/6.3.1/../../../../arm-atollic-eabi/lib/armv7e-m/fpu\libc_nano.a(lib_a-init.o)
 .debug_frame   0x000025b4       0x30 c:/program files/atollic/truestudio for stm32 9.1.0/armtools/bin/../lib/gcc/arm-atollic-eabi/6.3.1/../../../../arm-atollic-eabi/lib/armv7e-m/fpu\libc_nano.a(lib_a-malloc.o)
 .debug_frame   0x000025e4       0x38 c:/program files/atollic/truestudio for stm32 9.1.0/armtools/bin/../lib/gcc/arm-atollic-eabi/6.3.1/../../../../arm-atollic-eabi/lib/armv7e-m/fpu\libc_nano.a(lib_a-nano-freer.o)
 .debug_frame   0x0000261c       0x2c c:/program files/atollic/truestudio for stm32 9.1.0/armtools/bin/../lib/gcc/arm-atollic-eabi/6.3.1/../../../../arm-atollic-eabi/lib/armv7e-m/fpu\libc_nano.a(lib_a-nano-mallocr.o)
 .debug_frame   0x00002648       0x2c c:/program files/atollic/truestudio for stm32 9.1.0/armtools/bin/../lib/gcc/arm-atollic-eabi/6.3.1/../../../../arm-atollic-eabi/lib/armv7e-m/fpu\libc_nano.a(lib_a-sbrkr.o)
 .debug_frame   0x00002674       0x30 c:/program files/atollic/truestudio for stm32 9.1.0/armtools/bin/../lib/gcc/arm-atollic-eabi/6.3.1/../../../../arm-atollic-eabi/lib/armv7e-m/fpu\libc_nano.a(lib_a-mlock.o)
 .debug_frame   0x000026a4       0x5c c:/program files/atollic/truestudio for stm32 9.1.0/armtools/bin/../lib/gcc/arm-atollic-eabi/6.3.1/../../../../arm-atollic-eabi/lib/armv7e-m/fpu\libc_nano.a(lib_a-reent.o)
 .debug_frame   0x00002700       0x2c c:/program files/atollic/truestudio for stm32 9.1.0/armtools/bin/../lib/gcc/arm-atollic-eabi/6.3.1/armv7e-m/fpu\libgcc.a(_aeabi_uldivmod.o)
 .debug_frame   0x0000272c       0x34 c:/program files/atollic/truestudio for stm32 9.1.0/armtools/bin/../lib/gcc/arm-atollic-eabi/6.3.1/armv7e-m/fpu\libgcc.a(_udivmoddi4.o)
 .debug_frame   0x00002760       0x20 c:/program files/atollic/truestudio for stm32 9.1.0/armtools/bin/../lib/gcc/arm-atollic-eabi/6.3.1/../../../../arm-atollic-eabi/lib/armv7e-m/fpu\libnosys.a(sbrk.o)
